═══════════════════════════════════════════════════════════
RELATÓRIO DE TESTES - MAG LOCAÇÃO SYSTEM
Data: 18/01/2026 11:44:04
═══════════════════════════════════════════════════════════

1. ✅ Estrutura de arquivos
2. TypeScript Backend
3. TypeScript Frontend
4. ESLint Backend
5. ESLint Frontend
6. Testes E2E Backend
7. Validação Prisma Schema
8. Validação i18n (pt-BR.json)

═══════════════════════════════════════════════════════════
